<html>
<body>
<pre>
<h1>µVision Build Log</h1>
<h2>Project:</h2>
C:\Keil\EE319Kware\EE319K labs\lab8-kayla-hassan-master\lab8-kayla-hassan-master\Lab8.uvproj
Project File Date:  04/10/2017

<h2>Output:</h2>
Rebuild target 'Lab8'
assembling startup.s...
assembling LCD.s...
assembling Print.s...
compiling ADC.c...
ADC.c(49): warning:  #1-D: last line of file ends without a newline
  }
ADC.c: 1 warning, 0 errors
compiling Lab8.c...
compiling ST7735.c...
linking...
Program Size: Code=4580 RO-data=2292 RW-data=108 ZI-data=1180  
".\Lab8.axf" - 0 Error(s), 1 Warning(s).
Load "C:\\Keil\\EE319Kware\\EE319K labs\\lab8-kayla-hassan-master\\lab8-kayla-hassan-master\\Lab8.axf" 
Connecting: Mode=JTAG, Speed=1000000Hz
Erase Done.
Programming Done.
Verify OK.
